#-----------------------------------------------------------
# Vivado v2017.2 (64-bit)
# SW Build 1909853 on Thu Jun 15 18:39:09 MDT 2017
# IP Build 1909766 on Thu Jun 15 19:58:00 MDT 2017
# Start of session at: Thu Mar 25 21:32:35 2021
# Process ID: 52820
# Current directory: C:/Users/Nader/Downloads/FINALICD
# Command line: vivado.exe -gui_launcher_event rodinguilauncherevent55900 C:\Users\Nader\Downloads\FINALICD\FINALICD.xpr
# Log file: C:/Users/Nader/Downloads/FINALICD/vivado.log
# Journal file: C:/Users/Nader/Downloads/FINALICD\vivado.jou
#-----------------------------------------------------------
start_gui
open_project C:/Users/Nader/Downloads/FINALICD/FINALICD.xpr
update_compile_order -fileset sources_1
save_project_as projectICD C:/Users/Nader/Downloads/projectICD -force
launch_simulation
open_wave_config C:/Users/Nader/Downloads/Iproject_1/PNC_TB_behav.wcfg
source PNC_TB.tcl
run all
close_sim
launch_simulation
open_wave_config C:/Users/Nader/Downloads/Iproject_1/PNC_TB_behav.wcfg
source PNC_TB.tcl
run all
close_sim
launch_simulation
open_wave_config C:/Users/Nader/Downloads/Iproject_1/PNC_TB_behav.wcfg
source PNC_TB.tcl
run all
save_wave_config {C:/Users/Nader/Downloads/Iproject_1/PNC_TB_behav.wcfg}
close_sim
launch_simulation
open_wave_config C:/Users/Nader/Downloads/Iproject_1/PNC_TB_behav.wcfg
source PNC_TB.tcl
run all
close_sim
launch_simulation
open_wave_config C:/Users/Nader/Downloads/Iproject_1/PNC_TB_behav.wcfg
source PNC_TB.tcl
run all
synth_design -rtl -name rtl_1
reset_run synth_1
launch_runs impl_1 -to_step write_bitstream -jobs 2
wait_on_run impl_1
open_hw
connect_hw_server
disconnect_hw_server localhost:3121
connect_hw_server
synth_design -rtl -name rtl_1
reset_run synth_1
launch_runs synth_1 -jobs 2
wait_on_run synth_1
launch_runs impl_1 -jobs 2
wait_on_run impl_1
refresh_design
close_design
synth_design -rtl -name rtl_1
save_project_as ICDdemonstration C:/Users/Nader/Downloads/ICDdemonstration -force
close_sim
